// Jest Snapshot v1, https://goo.gl/fbAQLP

exports[`App component renders 1`] = `
Object {
  "asFragment": [Function],
  "baseElement": <body>
    <div>
      <nav>
        <div
          class="nav1"
        >
          <a
            aria-current="page"
            class="active"
            exact="true"
            href="/"
          />
          <h1
            class="header1"
          >
            CoviData
          </h1>
        </div>
        <div
          class="nav2"
        >
          <img
            alt="logo"
            class="logo"
            src="logo.png"
          />
          <h1
            class="header2"
          >
            Corona Afrometer
          </h1>
        </div>
      </nav>
      <ul
        class="dataUL"
      />
    </div>
  </body>,
  "container": <div>
    <nav>
      <div
        class="nav1"
      >
        <a
          aria-current="page"
          class="active"
          exact="true"
          href="/"
        />
        <h1
          class="header1"
        >
          CoviData
        </h1>
      </div>
      <div
        class="nav2"
      >
        <img
          alt="logo"
          class="logo"
          src="logo.png"
        />
        <h1
          class="header2"
        >
          Corona Afrometer
        </h1>
      </div>
    </nav>
    <ul
      class="dataUL"
    />
  </div>,
  "debug": [Function],
  "findAllByAltText": [Function],
  "findAllByDisplayValue": [Function],
  "findAllByLabelText": [Function],
  "findAllByPlaceholderText": [Function],
  "findAllByRole": [Function],
  "findAllByTestId": [Function],
  "findAllByText": [Function],
  "findAllByTitle": [Function],
  "findByAltText": [Function],
  "findByDisplayValue": [Function],
  "findByLabelText": [Function],
  "findByPlaceholderText": [Function],
  "findByRole": [Function],
  "findByTestId": [Function],
  "findByText": [Function],
  "findByTitle": [Function],
  "getAllByAltText": [Function],
  "getAllByDisplayValue": [Function],
  "getAllByLabelText": [Function],
  "getAllByPlaceholderText": [Function],
  "getAllByRole": [Function],
  "getAllByTestId": [Function],
  "getAllByText": [Function],
  "getAllByTitle": [Function],
  "getByAltText": [Function],
  "getByDisplayValue": [Function],
  "getByLabelText": [Function],
  "getByPlaceholderText": [Function],
  "getByRole": [Function],
  "getByTestId": [Function],
  "getByText": [Function],
  "getByTitle": [Function],
  "queryAllByAltText": [Function],
  "queryAllByDisplayValue": [Function],
  "queryAllByLabelText": [Function],
  "queryAllByPlaceholderText": [Function],
  "queryAllByRole": [Function],
  "queryAllByTestId": [Function],
  "queryAllByText": [Function],
  "queryAllByTitle": [Function],
  "queryByAltText": [Function],
  "queryByDisplayValue": [Function],
  "queryByLabelText": [Function],
  "queryByPlaceholderText": [Function],
  "queryByRole": [Function],
  "queryByTestId": [Function],
  "queryByText": [Function],
  "queryByTitle": [Function],
  "rerender": [Function],
  "unmount": [Function],
}
`;
